// Jest Snapshot v1, https://goo.gl/fbAQLP

exports[`tests the more button component Should render correctly 1`] = `
<div
  className="moreButtonContainer"
>
  <div
    className="moreButton"
    onClick={[Function]}
    onKeyDown={[Function]}
    role="presentation"
    title="more"
  >
    <div
      className="moreModal"
    >
      <div
        className="moreModal-contentOff"
      >
        <div
          className="moreModalData moreModalHover"
          title="Repost"
        >
          <span
            className="marginRight"
          >
            <i
              className="fas fa-exchange-alt moreButtonImg"
            />
          </span>
          <span>
            Repost
          </span>
        </div>
        <div
          className="moreModalData moreModalHover"
          title="Share"
        >
          <span
            className="marginRight"
          >
            <i
              className="fas fa-share moreButtonImg"
            />
          </span>
          <span>
            Share
          </span>
        </div>
        <div
          className="moreModalData moreModalHover"
          title="Add to Next up"
        >
          <span
            className="marginRight"
          >
            <i
              className="fas fa-sliders-h moreButtonImg"
            />
          </span>
          <span>
            Add to Next up
          </span>
        </div>
        <div
          className="moreModalData moreModalHover"
        >
          <span
            className="marginRight"
          >
            <i
              className="fas fa-chart-line moreButtonImg"
            />
          </span>
          <span>
            Add to playlist
          </span>
        </div>
        <div
          className="moreModalData moreModalHover"
          title="Go to station"
        >
          <span
            className="marginRight"
          >
            <i
              className="far fa-dot-circle moreButtonImg"
            />
          </span>
          <span>
            Station
          </span>
        </div>
      </div>
    </div>
    <i
      className="fas fa-ellipsis-h moreButtonImg"
    />
  </div>
</div>
`;
